Microchip MPLAB XC8 Compiler V1.30 ()

Linker command line:

--edf=C:\Program Files (x86)\Microchip\xc8\v1.30\dat\en_msgs.txt -cs \
  -h+dist/XC8_18F45k80/production\IHM_OZ440.X.production.sym \
  --cmf=dist/XC8_18F45k80/production\IHM_OZ440.X.production.cmf -z \
  -Q18F45K80 -oC:\Users\Bruno\AppData\Local\Temp\s5to.6 \
  -Mdist/XC8_18F45k80/production/IHM_OZ440.X.production.map -E1 -ver=XC8 \
  -ASTACK=0290h-09ffh -pstack=STACK -ACODE=00h-07FFFh -ACONST=00h-07FFFh \
  -ASMALLCONST=0F00h-0FFFhx113 -AMEDIUMCONST=0F00h-07FFFh -ACOMRAM=01h-05Fh \
  -AABS1=00h-0E40h -ABIGRAM=01h-0E40h \
  -ARAM=060h-0FFh,0100h-01FFhx13,0E00h-0E40h -ABANK0=060h-0FFh \
  -ABANK1=0100h-01FFh -ABANK2=0200h-02FFh -ABANK3=0300h-03FFh \
  -ABANK4=0400h-04FFh -ABANK5=0500h-05FFh -ABANK6=0600h-06FFh \
  -ABANK7=0700h-07FFh -ABANK8=0800h-08FFh -ABANK9=0900h-09FFh \
  -ABANK10=0A00h-0AFFh -ABANK11=0B00h-0BFFh -ABANK12=0C00h-0CFFh \
  -ABANK13=0D00h-0DFFh -ABANK14=0E00h-0E40h \
  -ASFR=0E41h-0EFFh,0F00h-0F5Fh,0F60h-0FFFh \
  -preset_vec=00h,intcode=08h,intcodelo=018h,powerup,init,end_init \
  -pramtop=0F00h -psmallconst=SMALLCONST -pmediumconst=MEDIUMCONST \
  -pconst=CONST -AFARRAM=00h-00h -ACONFIG=0300000h-030000Dh -pconfig=CONFIG \
  -AIDLOC=0200000h-0200007h -pidloc=IDLOC -AEEDATA=0F00000h-0F003FFh \
  -peeprom_data=EEDATA \
  -prdata=COMRAM,nvrram=COMRAM,nvbit=COMRAM,rbss=COMRAM,rbit=COMRAM \
  -pfarbss=FARRAM,fardata=FARRAM,nvFARRAM=FARRAM \
  -pintsave_regs=BIGRAM,bigbss=BIGRAM,bigdata=BIGRAM -pbss=RAM \
  -pidata=CODE,irdata=CODE,ibigdata=CODE,ifardata=CODE \
  C:\Users\Bruno\AppData\Local\Temp\s5to.obj \
  dist/XC8_18F45k80/production\IHM_OZ440.X.production.obj 

Object code version is 3.11

Machine type is 18F45K80

Call graph: (short form)




                Name                               Link     Load   Length Selector   Space Scale
C:\Users\Bruno\AppData\Local\Temp\s5to.obj
                end_init                            144      144        4        C       0
                reset_vec                             0        0        4        0       0
                idloc                            200000   200000        8   200000       0
                config                           300000   300000        E   300000       0
dist/XC8_18F45k80/production\IHM_OZ440.X.production.obj
                intcodelo                            18       18      12C        C       0
                intcode                               8        8        C        4       0
                mediumconst                        63DC     63DC     1C24     31EE       0
                text37                             19E2     19E2      174        C       0
                text36                             1CBE     1CBE      166        C       0
                text35                             28EE     28EE       7E        C       0
                intcode_body                       2674     2674       B6        C       0
                text32                             2A4C     2A4C       42        C       0
                text31                             2A0A     2A0A       42        C       0
                text30                             29BC     29BC       4E        C       0
                text29                             2ACE     2ACE       40        C       0
                text28                             296C     296C       50        C       0
                text27                             2BC2     2BC2        E        C       0
                text26                             2A8E     2A8E       40        C       0
                text25                             25BE     25BE       B6        C       0
                text24                             2B60     2B60       20        C       0
                text23                             22C8     22C8       C6        C       0
                text22                             162A     162A      1E0        C       0
                text21                             180A     180A      1D8        C       0
                text20                             2122     2122       DC        C       0
                text19                             2046     2046       DC        C       0
                text18                             2BD0     2BD0        6        C       0
                text17                             2BB4     2BB4        E        C       0
                text16                             21FE     21FE       CA        C       0
                text15                             2B9E     2B9E       16        C       0
                text14                             2864     2864       8A        C       0
                text13                             2B3E     2B3E       22        C       0
                text12                             272A     272A       A6        C       0
                text11                             100A     100A      3C6        C       0
                text10                             1B56     1B56      168        C       0
                text9                              13D0     13D0      25A        C       0
                text8                              2506     2506       B8        C       0
                text7                              1F5A     1F5A       EC        C       0
                text6                              27D0     27D0       94        C       0
                text5                              1E24     1E24      136        C       0
                text4                              238E     238E       C0        C       0
                text3                              244E     244E       B8        C       0
                text2                              2B80     2B80       1E        C       0
                text1                              2BD6     2BD6        4        C       0
                text0                               148      148      EC2        C       0
                cstackCOMRAM                          1        1       46        1       1
                cstackBANK0                          60       60       50       60       1
                bssBANK2                            200      200       90      200       1
                bssBANK1                            100      100       90      100       1
                bssBANK0                             B0       B0       1C       60       1
                bssCOMRAM                            47       47        1        1       1
                cinit                              2B0E     2B0E       30        C       0

TOTAL           Name                               Link     Load   Length     Space
        CLASS   STACK          

        CLASS   CODE           
                end_init                            144      144        4         0
                intcodelo                            18       18      12C         0
                intcode                               8        8        C         0
                reset_vec                             0        0        4         0
                text37                             19E2     19E2      174         0
                text36                             1CBE     1CBE      166         0
                text35                             28EE     28EE       7E         0
                intcode_body                       2674     2674       B6         0
                text32                             2A4C     2A4C       42         0
                text31                             2A0A     2A0A       42         0
                text30                             29BC     29BC       4E         0
                text29                             2ACE     2ACE       40         0
                text28                             296C     296C       50         0
                text27                             2BC2     2BC2        E         0
                text26                             2A8E     2A8E       40         0
                text25                             25BE     25BE       B6         0
                text24                             2B60     2B60       20         0
                text23                             22C8     22C8       C6         0
                text22                             162A     162A      1E0         0
                text21                             180A     180A      1D8         0
                text20                             2122     2122       DC         0
                text19                             2046     2046       DC         0
                text18                             2BD0     2BD0        6         0
                text17                             2BB4     2BB4        E         0
                text16                             21FE     21FE       CA         0
                text15                             2B9E     2B9E       16         0
                text14                             2864     2864       8A         0
                text13                             2B3E     2B3E       22         0
                text12                             272A     272A       A6         0
                text11                             100A     100A      3C6         0
                text10                             1B56     1B56      168         0
                text9                              13D0     13D0      25A         0
                text8                              2506     2506       B8         0
                text7                              1F5A     1F5A       EC         0
                text6                              27D0     27D0       94         0
                text5                              1E24     1E24      136         0
                text4                              238E     238E       C0         0
                text3                              244E     244E       B8         0
                text2                              2B80     2B80       1E         0
                text1                              2BD6     2BD6        4         0
                text0                               148      148      EC2         0
                cinit                              2B0E     2B0E       30         0

        CLASS   CONST          

        CLASS   SMALLCONST     

        CLASS   MEDIUMCONST    
                mediumconst                        63DC     63DC     1C24         0

        CLASS   COMRAM         
                cstackCOMRAM                          1        1       46         1
                bssCOMRAM                            47       47        1         1

        CLASS   ABS1           

        CLASS   BIGRAM         

        CLASS   RAM            

        CLASS   BANK0          
                cstackBANK0                          60       60       50         1
                bssBANK0                             B0       B0       1C         1

        CLASS   BANK1          
                bssBANK1                            100      100       90         1

        CLASS   BANK2          
                bssBANK2                            200      200       90         1

        CLASS   BANK3          

        CLASS   BANK4          

        CLASS   BANK5          

        CLASS   BANK6          

        CLASS   BANK7          

        CLASS   BANK8          

        CLASS   BANK9          

        CLASS   BANK10         

        CLASS   BANK11         

        CLASS   BANK12         

        CLASS   BANK13         

        CLASS   BANK14         

        CLASS   SFR            

        CLASS   FARRAM         

        CLASS   CONFIG         
                config                           300000   300000        E         0

        CLASS   IDLOC          
                idloc                            200000   200000        8         0

        CLASS   EEDATA         



SEGMENTS        Name                           Load    Length   Top    Selector   Space  Class

                reset_vec                      000000  000004  000004         0       0  CODE    
                cstackCOMRAM                   000001  000047  000048         1       1  COMRAM  
                intcode                        000008  00000C  000014         4       0  CODE    
                intcodelo                      000018  002BC2  002BDA         C       0  CODE    
                cstackBANK0                    000060  00006C  0000CC        60       1  BANK0   
                bssBANK1                       000100  000090  000190       100       1  BANK1   
                bssBANK2                       000200  000090  000290       200       1  BANK2   
                mediumconst                    0063DC  001C24  008000      31EE       0  MEDIUMCO
                idloc                          200000  000008  200008    200000       0  IDLOC   
                config                         300000  00000E  30000E    300000       0  CONFIG  


UNUSED ADDRESS RANGES

        Name                Unused          Largest block    Delta
        BANK0            0000CC-0000FF               34
        BANK1            000190-0001FF               70
        BANK10           000A00-000AFF              100
        BANK11           000B00-000BFF              100
        BANK12           000C00-000CFF              100
        BANK13           000D00-000DFF              100
        BANK14           000E00-000E40               41
        BANK2            000290-0002FF               70
        BANK3            000300-0003FF              100
        BANK4            000400-0004FF              100
        BANK5            000500-0005FF              100
        BANK6            000600-0006FF              100
        BANK7            000700-0007FF              100
        BANK8            000800-0008FF              100
        BANK9            000900-0009FF              100
        BIGRAM           000048-00005F               18
                         0000CC-0000FF               34
                         000190-0001FF               70
                         000290-000E40              BB1
        CODE             000004-000007                4
                         000014-000017                4
                         002BDA-0063DB             3802
        COMRAM           000048-00005F               18
        CONST            000004-000007                4
                         000014-000017                4
                         002BDA-0063DB             3802
        EEDATA           F00000-F003FF              400
        MEDIUMCONST      002BDA-0063DB             3802
        RAM              0000CC-0000FF               34
                         000190-0001FF               70
                         000290-000E40              100
        SFR              000E41-000FFF               BF
        SMALLCONST       002BDA-0063DB              100
        STACK            000290-0009FF              770

                                  Symbol Table

?_GetCANRxFifo                   cstackBANK0  000060
?_GetCANTxFifo                   cstackBANK0  000060
?___awdiv                        cstackBANK0  000060
ECANFiltersInit@mask             cstackBANK0  000062
ECANPoll@RXBODBEN                (abs)        007B02
ECANReceiveMessage@data          cstackCOMRAM 00001E
ECANReceiveMessage@dataLen       cstackCOMRAM 000020
ECANReceiveMessage@i             cstackCOMRAM 000027
ECANReceiveMessage@id            cstackCOMRAM 00001C
ECANReceiveMessage@msgFlags      cstackCOMRAM 000022
ECANReceiveMessage@ptr           cstackCOMRAM 000028
ECANReceiveMessage@savedPtr      cstackCOMRAM 000025
ECANReceiveMessage@temp          cstackCOMRAM 00002A
ECANSendMessage@data             cstackBANK0  00006F
ECANSendMessage@dataLen          cstackBANK0  000071
ECANSendMessage@i                cstackBANK0  00008A
ECANSendMessage@id               cstackBANK0  00006B
ECANSendMessage@j                cstackBANK0  000086
ECANSendMessage@msgFlags         cstackBANK0  000072
ECANSendMessage@pb               cstackBANK0  000074
ECANSendMessage@ptr              cstackBANK0  00008B
ECANSendMessage@temp             cstackBANK0  000089
ECANSendMessage@tempPtr          cstackBANK0  000087
ECANSetOperationMode@mode        cstackBANK0  000060
GetCANRxFifo@LocalCANRXMsg       cstackBANK0  000070
GetCANTxFifo@LocalCANTXMsg       cstackBANK0  000070
KeybConfiguration@firetime       cstackBANK0  000060
KeybConfiguration@longpresstime  cstackBANK0  000061
KeybRead@i                       cstackBANK0  000061
KeybRead@reading                 cstackBANK0  000062
LCDBacklight@value               cstackBANK0  000060
LCDClearDisplay@i                cstackBANK0  000061
LCDClearDisplay@i_1594           cstackBANK0  000062
LCDClearDisplay@i_1595           cstackBANK0  000063
LCDContrast@value                cstackBANK0  000060
LCDGetStatus@i                   cstackBANK0  000062
LCDGetStatus@i_1621              cstackBANK0  000063
LCDGetStatus@i_1622              cstackBANK0  000064
LCDGetStatus@result              cstackBANK0  000061
LCDInit@i                        cstackBANK0  000061
LCDInit@i_1579                   cstackBANK0  000062
LCDInit@i_1580                   cstackBANK0  000063
LCDInit@i_1581                   cstackBANK0  000064
LCDInit@i_1582                   cstackBANK0  000065
LCDInit@i_1583                   cstackBANK0  000066
LCDInit@i_1584                   cstackBANK0  000067
LCDInit@i_1585                   cstackBANK0  000068
LCDInit@i_1586                   cstackBANK0  000069
LCDInit@i_1587                   cstackBANK0  00006A
LCDInit@i_1588                   cstackBANK0  00006B
LCDInit@i_1589                   cstackBANK0  00006C
LCDInit@i_1590                   cstackBANK0  00006D
LCDInit@i_1591                   cstackBANK0  00006E
LCDSendCharacter@adress          cstackBANK0  000068
LCDSendCharacter@data            cstackBANK0  000060
LCDSendCharacter@i               cstackBANK0  000062
LCDSendCharacter@i_1600          cstackBANK0  000063
LCDSendCharacter@i_1601          cstackBANK0  000064
LCDSendCharacter@i_1602          cstackBANK0  000065
LCDSendCharacter@i_1603          cstackBANK0  000066
LCDSendCharacter@i_1604          cstackBANK0  000067
LCDSendCommand@command           cstackBANK0  000061
LCDSendCommand@i                 cstackBANK0  000062
LCDSendCommand@i_1608            cstackBANK0  000063
LCDSendCommand@i_1609            cstackBANK0  000064
PutCANRxFifo@PutMessage          cstackCOMRAM 000013
PutCANTxFifo@PutMessage          cstackBANK0  000060
SoundContinuous@duration         cstackBANK0  000069
SoundContinuous@freq             cstackBANK0  00006C
SoundContinuous@temp_volume      cstackBANK0  00006D
SoundContinuous@volume           cstackBANK0  00006A
SoundIntermittent@SilentDuration cstackBANK0  00006A
SoundIntermittent@cycles         cstackBANK0  00006B
SoundIntermittent@freq           cstackBANK0  00006E
SoundIntermittent@soundduration  cstackBANK0  000069
SoundIntermittent@temp_volume    cstackBANK0  00006F
SoundIntermittent@volume         cstackBANK0  00006C
_ANCON0                          (abs)        000F5D
_ANCON1                          (abs)        000F5C
_BRGCON1                         (abs)        000E43
_BRGCON2                         (abs)        000E44
_BRGCON3                         (abs)        000E45
_CANCON                          (abs)        000F6F
_CANRxFifo                       bssBANK2     000200
_CANRxFifoInit                   text32       002A4C
_CANSTAT                         (abs)        000F6E
_CANTxFifo                       bssBANK1     000100
_CANTxFifoInit                   text31       002A0A
_CCP2CON                         (abs)        000F50
_CCP3CON                         (abs)        000F4D
_CCP4CON                         (abs)        000F4A
_CCP5CON                         (abs)        000F47
_CCPR1L                          (abs)        000FBC
_CCPR2L                          (abs)        000F51
_CCPR5L                          (abs)        000F48
_CCPTMRS                         (abs)        000F99
_CIOCON                          (abs)        000F70
_ConfigureCCP                    text30       0029BC
_ConfigureGPIO                   text29       002ACE
_ConfigureInterrupts             text28       00296C
_ConfigureOscillator             text27       002BC2
_ConfigureTimers                 text26       002A8E
_ECANFiltersInit                 text25       0025BE
_ECANInitialize                  text23       0022C8
_ECANReceiveMessage              text36       001CBE
_ECANSendMessage                 text21       00180A
_ECANSetOperationMode            text24       002B60
_ECCP1CONbits                    (abs)        000FBB
_GetCANRxFifo                    text20       002122
_GetCANTxFifo                    text19       002046
_GetCanAdress                    text18       002BD0
_INTCON                          (abs)        000FF2
_INTCON2                         (abs)        000FF1
_INTCON3                         (abs)        000FF0
_INTCONbits                      (abs)        000FF2
_IPR1                            (abs)        000F9F
_IPR2                            (abs)        000FA2
_IPR3                            (abs)        000FA5
_IPR4                            (abs)        000FB8
_IPR5                            (abs)        000F78
_IRXIF                           (abs)        007BBF
_KeybConfiguration               text17       002BB4
_KeybMsg                         bssBANK0     0000BB
_KeybRead                        text16       0021FE
_LATBbits                        (abs)        000F8A
_LATC                            (abs)        000F8B
_LATCbits                        (abs)        000F8B
_LATD                            (abs)        000F8C
_LATDbits                        (abs)        000F8C
_LATE                            (abs)        000F8D
_LATEbits                        (abs)        000F8D
_LCDBacklight                    text15       002B9E
_LCDClearDisplay                 text14       002864
_LCDContrast                     text13       002B3E
_LCDGetStatus                    text12       00272A
_LCDInit                         text11       00100A
_LCDInitMsg                      text9        0013D0
_LCDSendCharacter                text10       001B56
_LCDSendCommand                  text8        002506
_LUTTable                        mediumconst  0063DD
_LedDisp                         bssBANK0     0000C4
_LedDisplay                      text7        001F5A
_LocalCanAdress                  bssBANK0     0000CB
_MDSEL0                          (abs)        007B96
_MDSEL1                          (abs)        007B97
_OSCCONbits                      (abs)        000FD3
_PIE1                            (abs)        000F9D
_PIE2                            (abs)        000FA0
_PIE3                            (abs)        000FA3
_PIE4                            (abs)        000FB6
_PIE5                            (abs)        000F76
_PIR1                            (abs)        000F9E
_PIR2                            (abs)        000FA1
_PIR3                            (abs)        000FA4
_PIR4                            (abs)        000FB7
_PIR5                            (abs)        000F77
_PIR5bits                        (abs)        000F77
_PORTA                           (abs)        000F80
_PORTBbits                       (abs)        000F81
_PORTC                           (abs)        000F82
_PORTCbits                       (abs)        000F82
_PR2                             (abs)        000FCB
_PR4                             (abs)        000FA9
_PutCANRxFifo                    text35       0028EE
_PutCANTxFifo                    text6        0027D0
_RCONbits                        (abs)        000FD0
_RXB0CON                         (abs)        000F60
_RXB0FILHIT0                     (abs)        007B00
_RXB0FUL                         (abs)        007B07
_RXB0IF                          (abs)        007BB8
_RXB0OVFL                        (abs)        007B8F
_RXB1CON                         (abs)        000F30
_RXB1FUL                         (abs)        007987
_RXB1IF                          (abs)        007BB9
_RXB1OVFL                        (abs)        007B8E
_RXBODBEN                        (abs)        007B02
_RXF0SIDH                        (abs)        000EE0
_RXF0SIDL                        (abs)        000EE1
_RXF1SIDH                        (abs)        000EE4
_RXF1SIDL                        (abs)        000EE5
_RXF2SIDH                        (abs)        000EE8
_RXF2SIDL                        (abs)        000EE9
_RXF3SIDH                        (abs)        000EEC
_RXF3SIDL                        (abs)        000EED
_RXF4SIDH                        (abs)        000EF0
_RXF4SIDL                        (abs)        000EF1
_RXF5SIDH                        (abs)        000EF4
_RXF5SIDL                        (abs)        000EF5
_RXM0EXIDM                       (abs)        0077CB
_RXM0SIDH                        (abs)        000EF8
_RXM0SIDL                        (abs)        000EF9
_RXM1EXIDEN                      (abs)        0077EB
_RXM1SIDH                        (abs)        000EFC
_RXM1SIDL                        (abs)        000EFD
_SoundContinuous                 text4        00238E
_SoundIntermittent               text3        00244E
_SoundMsg                        bssBANK0     0000B0
_SoundStop                       text2        002B80
_SoundTimerTicked                bssBANK0     0000CA
_SystemTest                      text1        002BD6
_T0CONbits                       (abs)        000FD5
_T2CONbits                       (abs)        000FCA
_T4CONbits                       (abs)        000F88
_TMR0H                           (abs)        000FD7
_TMR0L                           (abs)        000FD6
_TRISA                           (abs)        000F92
_TRISB                           (abs)        000F93
_TRISBbits                       (abs)        000F93
_TRISC                           (abs)        000F94
_TRISCbits                       (abs)        000F94
_TRISD                           (abs)        000F95
_TRISDbits                       (abs)        000F95
_TRISE                           (abs)        000F96
_TXB0CON                         (abs)        000F20
_TXB0CONbits                     (abs)        000F20
_TXB1CON                         (abs)        000F10
_TXB2CON                         (abs)        000F00
_TickCounter                     bssBANK0     0000C7
__CANIDToRegs                    text22       00162A
__CANIDToRegs@Value              cstackBANK0  000069
__CANIDToRegs@ptr                cstackBANK0  000060
__CANIDToRegs@type               cstackBANK0  000066
__CANIDToRegs@val                cstackBANK0  000062
__CFG_BBSIZ$BB2K                 (abs)        000000
__CFG_BOREN$SBORDIS              (abs)        000000
__CFG_BORPWR$ZPBORMV             (abs)        000000
__CFG_BORV$3                     (abs)        000000
__CFG_CANMX$PORTB                (abs)        000000
__CFG_CP0$OFF                    (abs)        000000
__CFG_CP1$OFF                    (abs)        000000
__CFG_CP2$OFF                    (abs)        000000
__CFG_CP3$OFF                    (abs)        000000
__CFG_CPB$OFF                    (abs)        000000
__CFG_CPD$OFF                    (abs)        000000
__CFG_EBTR0$OFF                  (abs)        000000
__CFG_EBTR1$OFF                  (abs)        000000
__CFG_EBTR2$OFF                  (abs)        000000
__CFG_EBTR3$OFF                  (abs)        000000
__CFG_EBTRB$OFF                  (abs)        000000
__CFG_FCMEN$OFF                  (abs)        000000
__CFG_FOSC$HS1                   (abs)        000000
__CFG_IESO$OFF                   (abs)        000000
__CFG_INTOSCSEL$HIGH             (abs)        000000
__CFG_MCLRE$ON                   (abs)        000000
__CFG_MSSPMSK$MSK7               (abs)        000000
__CFG_PLLCFG$ON                  (abs)        000000
__CFG_PWRTEN$ON                  (abs)        000000
__CFG_RETEN$ON                   (abs)        000000
__CFG_SOSCSEL$DIG                (abs)        000000
__CFG_STVREN$ON                  (abs)        000000
__CFG_WDTEN$OFF                  (abs)        000000
__CFG_WDTPS$1048576              (abs)        000000
__CFG_WRT0$OFF                   (abs)        000000
__CFG_WRT1$OFF                   (abs)        000000
__CFG_WRT2$OFF                   (abs)        000000
__CFG_WRT3$OFF                   (abs)        000000
__CFG_WRTB$OFF                   (abs)        000000
__CFG_WRTC$OFF                   (abs)        000000
__CFG_WRTD$OFF                   (abs)        000000
__CFG_XINST$OFF                  (abs)        000000
__ECANRxFilterHitInfo            bssCOMRAM    000047
__HRAM                           (abs)        000000
__Habs1                          abs1         000000
__Hbank0                         bank0        000000
__Hbank1                         bank1        000000
__Hbank10                        bank10       000000
__Hbank11                        bank11       000000
__Hbank12                        bank12       000000
__Hbank13                        bank13       000000
__Hbank14                        bank14       000000
__Hbank2                         bank2        000000
__Hbank3                         bank3        000000
__Hbank4                         bank4        000000
__Hbank5                         bank5        000000
__Hbank6                         bank6        000000
__Hbank7                         bank7        000000
__Hbank8                         bank8        000000
__Hbank9                         bank9        000000
__Hbigbss                        bigbss       000000
__Hbigdata                       bigdata      000000
__Hbigram                        bigram       000000
__Hbss                           bss          000000
__HbssBANK0                      bssBANK0     000000
__HbssBANK1                      bssBANK1     000000
__HbssBANK2                      bssBANK2     000000
__HbssCOMRAM                     bssCOMRAM    000000
__Hcinit                         cinit        000000
__Hclrtext                       clrtext      000000
__Hcomram                        comram       000000
__Hconfig                        config       30000E
__Hconst                         const        000000
__HcstackBANK0                   cstackBANK0  000000
__HcstackCOMRAM                  cstackCOMRAM 000000
__Hdata                          data         000000
__Heeprom_data                   eeprom_data  000000
__Hend_init                      end_init     000148
__Hfarbss                        farbss       000000
__Hfardata                       fardata      000000
__Hibigdata                      ibigdata     000000
__Hidata                         idata        000000
__Hidloc                         idloc        200008
__Hifardata                      ifardata     000000
__Hinit                          init         000144
__Hintcode                       intcode      000014
__Hintcode_body                  intcode_body 000000
__Hintcodelo                     intcodelo    000144
__Hintentry                      intentry     000000
__Hintret                        intret       000000
__Hintsave_regs                  intsave_regs 000000
__Hirdata                        irdata       000000
__Hmediumconst                   mediumconst  008000
__HnvFARRAM                      nvFARRAM     000000
__Hnvbit                         nvbit        000000
__Hnvrram                        nvrram       000000
__Hparam                         rparam       000000
__Hpowerup                       powerup      000144
__Hram                           ram          000000
__Hramtop                        ramtop       000F00
__Hrbit                          rbit         000000
__Hrbss                          rbss         000000
__Hrdata                         rdata        000000
__Hreset_vec                     reset_vec    000004
__Hrparam                        rparam       000000
__Hsfr                           sfr          000000
__Hsmallconst                    smallconst   000000
__Hstack                         stack        000000
__Hstruct                        struct       000000
__Htemp                          temp         000000
__Htext                          text         000000
__Htext0                         text0        000000
__Htext1                         text1        000000
__Htext10                        text10       000000
__Htext11                        text11       000000
__Htext12                        text12       000000
__Htext13                        text13       000000
__Htext14                        text14       000000
__Htext15                        text15       000000
__Htext16                        text16       000000
__Htext17                        text17       000000
__Htext18                        text18       000000
__Htext19                        text19       000000
__Htext2                         text2        000000
__Htext20                        text20       000000
__Htext21                        text21       000000
__Htext22                        text22       000000
__Htext23                        text23       000000
__Htext24                        text24       000000
__Htext25                        text25       000000
__Htext26                        text26       000000
__Htext27                        text27       000000
__Htext28                        text28       000000
__Htext29                        text29       000000
__Htext3                         text3        000000
__Htext30                        text30       000000
__Htext31                        text31       000000
__Htext32                        text32       000000
__Htext35                        text35       000000
__Htext36                        text36       000000
__Htext37                        text37       000000
__Htext4                         text4        000000
__Htext5                         text5        000000
__Htext6                         text6        000000
__Htext7                         text7        000000
__Htext8                         text8        000000
__Htext9                         text9        000000
__LRAM                           (abs)        000001
__Labs1                          abs1         000000
__Lbank0                         bank0        000000
__Lbank1                         bank1        000000
__Lbank10                        bank10       000000
__Lbank11                        bank11       000000
__Lbank12                        bank12       000000
__Lbank13                        bank13       000000
__Lbank14                        bank14       000000
__Lbank2                         bank2        000000
__Lbank3                         bank3        000000
__Lbank4                         bank4        000000
__Lbank5                         bank5        000000
__Lbank6                         bank6        000000
__Lbank7                         bank7        000000
__Lbank8                         bank8        000000
__Lbank9                         bank9        000000
__Lbigbss                        bigbss       000000
__Lbigdata                       bigdata      000000
__Lbigram                        bigram       000000
__Lbss                           bss          000000
__LbssBANK0                      bssBANK0     000000
__LbssBANK1                      bssBANK1     000000
__LbssBANK2                      bssBANK2     000000
__LbssCOMRAM                     bssCOMRAM    000000
__Lcinit                         cinit        000000
__Lclrtext                       clrtext      000000
__Lcomram                        comram       000000
__Lconfig                        config       300000
__Lconst                         const        000000
__LcstackBANK0                   cstackBANK0  000000
__LcstackCOMRAM                  cstackCOMRAM 000000
__Ldata                          data         000000
__Leeprom_data                   eeprom_data  000000
__Lend_init                      end_init     000144
__Lfarbss                        farbss       000000
__Lfardata                       fardata      000000
__Libigdata                      ibigdata     000000
__Lidata                         idata        000000
__Lidloc                         idloc        200000
__Lifardata                      ifardata     000000
__Linit                          init         000144
__Lintcode                       intcode      000008
__Lintcode_body                  intcode_body 000000
__Lintcodelo                     intcodelo    000018
__Lintentry                      intentry     000000
__Lintret                        intret       000000
__Lintsave_regs                  intsave_regs 000000
__Lirdata                        irdata       000000
__Lmediumconst                   mediumconst  0063DC
__LnvFARRAM                      nvFARRAM     000000
__Lnvbit                         nvbit        000000
__Lnvrram                        nvrram       000000
__Lparam                         rparam       000000
__Lpowerup                       powerup      000144
__Lram                           ram          000000
__Lramtop                        ramtop       000F00
__Lrbit                          rbit         000000
__Lrbss                          rbss         000000
__Lrdata                         rdata        000000
__Lreset_vec                     reset_vec    000000
__Lrparam                        rparam       000000
__Lsfr                           sfr          000000
__Lsmallconst                    smallconst   000000
__Lstack                         stack        000000
__Lstruct                        struct       000000
__Ltemp                          temp         000000
__Ltext                          text         000000
__Ltext0                         text0        000000
__Ltext1                         text1        000000
__Ltext10                        text10       000000
__Ltext11                        text11       000000
__Ltext12                        text12       000000
__Ltext13                        text13       000000
__Ltext14                        text14       000000
__Ltext15                        text15       000000
__Ltext16                        text16       000000
__Ltext17                        text17       000000
__Ltext18                        text18       000000
__Ltext19                        text19       000000
__Ltext2                         text2        000000
__Ltext20                        text20       000000
__Ltext21                        text21       000000
__Ltext22                        text22       000000
__Ltext23                        text23       000000
__Ltext24                        text24       000000
__Ltext25                        text25       000000
__Ltext26                        text26       000000
__Ltext27                        text27       000000
__Ltext28                        text28       000000
__Ltext29                        text29       000000
__Ltext3                         text3        000000
__Ltext30                        text30       000000
__Ltext31                        text31       000000
__Ltext32                        text32       000000
__Ltext35                        text35       000000
__Ltext36                        text36       000000
__Ltext37                        text37       000000
__Ltext4                         text4        000000
__Ltext5                         text5        000000
__Ltext6                         text6        000000
__Ltext7                         text7        000000
__Ltext8                         text8        000000
__Ltext9                         text9        000000
__RegsToCANID                    text37       0019E2
__RegsToCANID@Value              cstackCOMRAM 00001A
__RegsToCANID@ptr                cstackCOMRAM 000013
__RegsToCANID@type               cstackCOMRAM 000017
__RegsToCANID@val                cstackCOMRAM 000015
__S0                             (abs)        30000E
__S1                             (abs)        000290
__S2                             (abs)        000000
___awdiv                         text5        001E24
___awdiv@counter                 cstackBANK0  000065
___awdiv@dividend                cstackBANK0  000060
___awdiv@divisor                 cstackBANK0  000062
___awdiv@quotient                cstackBANK0  000067
___awdiv@sign                    cstackBANK0  000066
___inthi_sp                      stack        000000
___intlo_sp                      stack        000000
___sp                            stack        000000
__accesstop                      (abs)        000060
__activetblptr                   (abs)        000002
__end_of_CANRxFifoInit           text32       002A8E
__end_of_CANTxFifoInit           text31       002A4C
__end_of_ConfigureCCP            text30       002A0A
__end_of_ConfigureGPIO           text29       002B0E
__end_of_ConfigureInterrupts     text28       0029BC
__end_of_ConfigureOscillator     text27       002BD0
__end_of_ConfigureTimers         text26       002ACE
__end_of_ECANFiltersInit         text25       002674
__end_of_ECANInitialize          text23       00238E
__end_of_ECANReceiveMessage      text36       001E24
__end_of_ECANSendMessage         text21       0019E2
__end_of_ECANSetOperationMode    text24       002B80
__end_of_GetCANRxFifo            text20       0021FE
__end_of_GetCANTxFifo            text19       002122
__end_of_GetCanAdress            text18       002BD6
__end_of_KeybConfiguration       text17       002BC2
__end_of_KeybRead                text16       0022C8
__end_of_LCDBacklight            text15       002BB4
__end_of_LCDClearDisplay         text14       0028EE
__end_of_LCDContrast             text13       002B60
__end_of_LCDGetStatus            text12       0027D0
__end_of_LCDInit                 text11       0013D0
__end_of_LCDInitMsg              text9        00162A
__end_of_LCDSendCharacter        text10       001CBE
__end_of_LCDSendCommand          text8        0025BE
__end_of_LUTTable                mediumconst  007FFF
__end_of_LedDisplay              text7        002046
__end_of_PutCANRxFifo            text35       00296C
__end_of_PutCANTxFifo            text6        002864
__end_of_SoundContinuous         text4        00244E
__end_of_SoundIntermittent       text3        002506
__end_of_SoundStop               text2        002B9E
__end_of_SystemTest              text1        002BDA
__end_of__CANIDToRegs            text22       00180A
__end_of__RegsToCANID            text37       001B56
__end_of___awdiv                 text5        001F5A
__end_of__initialization         cinit        002B34
__end_of_high_isr                intcode_body 00272A
__end_of_low_isr                 intcodelo    000144
__end_of_main                    text0        00100A
__initialization                 cinit        002B0E
__mediumconst                    mediumconst  0063DC
__pbssBANK0                      bssBANK0     0000B0
__pbssBANK1                      bssBANK1     000100
__pbssBANK2                      bssBANK2     000200
__pbssCOMRAM                     bssCOMRAM    000047
__pcinit                         cinit        002B0E
__pcstackBANK0                   cstackBANK0  000060
__pcstackCOMRAM                  cstackCOMRAM 000001
__pintcode                       intcode      000008
__pintcode_body                  intcode_body 002674
__pintcodelo                     intcodelo    000018
__pmediumconst                   mediumconst  0063DC
__ptext0                         text0        000148
__ptext1                         text1        002BD6
__ptext10                        text10       001B56
__ptext11                        text11       00100A
__ptext12                        text12       00272A
__ptext13                        text13       002B3E
__ptext14                        text14       002864
__ptext15                        text15       002B9E
__ptext16                        text16       0021FE
__ptext17                        text17       002BB4
__ptext18                        text18       002BD0
__ptext19                        text19       002046
__ptext2                         text2        002B80
__ptext20                        text20       002122
__ptext21                        text21       00180A
__ptext22                        text22       00162A
__ptext23                        text23       0022C8
__ptext24                        text24       002B60
__ptext25                        text25       0025BE
__ptext26                        text26       002A8E
__ptext27                        text27       002BC2
__ptext28                        text28       00296C
__ptext29                        text29       002ACE
__ptext3                         text3        00244E
__ptext30                        text30       0029BC
__ptext31                        text31       002A0A
__ptext32                        text32       002A4C
__ptext35                        text35       0028EE
__ptext36                        text36       001CBE
__ptext37                        text37       0019E2
__ptext4                         text4        00238E
__ptext5                         text5        001E24
__ptext6                         text6        0027D0
__ptext7                         text7        001F5A
__ptext8                         text8        002506
__ptext9                         text9        0013D0
__ramtop                         ramtop       000F00
__size_of_CANRxFifoInit          (abs)        000000
__size_of_CANTxFifoInit          (abs)        000000
__size_of_ConfigureCCP           (abs)        000000
__size_of_ConfigureGPIO          (abs)        000000
__size_of_ConfigureInterrupts    (abs)        000000
__size_of_ConfigureOscillator    (abs)        000000
__size_of_ConfigureTimers        (abs)        000000
__size_of_ECANFiltersInit        (abs)        000000
__size_of_ECANInitialize         (abs)        000000
__size_of_ECANReceiveMessage     (abs)        000000
__size_of_ECANSendMessage        (abs)        000000
__size_of_ECANSetOperationMode   (abs)        000000
__size_of_GetCANRxFifo           (abs)        000000
__size_of_GetCANTxFifo           (abs)        000000
__size_of_GetCanAdress           (abs)        000000
__size_of_KeybConfiguration      (abs)        000000
__size_of_KeybRead               (abs)        000000
__size_of_LCDBacklight           (abs)        000000
__size_of_LCDClearDisplay        (abs)        000000
__size_of_LCDContrast            (abs)        000000
__size_of_LCDGetStatus           (abs)        000000
__size_of_LCDInit                (abs)        000000
__size_of_LCDInitMsg             (abs)        000000
__size_of_LCDSendCharacter       (abs)        000000
__size_of_LCDSendCommand         (abs)        000000
__size_of_LedDisplay             (abs)        000000
__size_of_PutCANRxFifo           (abs)        000000
__size_of_PutCANTxFifo           (abs)        000000
__size_of_SoundContinuous        (abs)        000000
__size_of_SoundIntermittent      (abs)        000000
__size_of_SoundStop              (abs)        000000
__size_of_SystemTest             (abs)        000000
__size_of__CANIDToRegs           (abs)        000000
__size_of__RegsToCANID           (abs)        000000
__size_of___awdiv                (abs)        000000
__size_of_high_isr               (abs)        000000
__size_of_low_isr                (abs)        000000
__size_of_main                   (abs)        000000
__smallconst                     smallconst   000000
_high_isr                        intcode      000008
_low_isr                         intcodelo    000018
_main                            text0        000148
ecanpoll@RXBODBEN                (abs)        007B02
end_of_initialization            cinit        002B34
high_isr@CANRxNewMessage         cstackCOMRAM 000039
int_func                         intcode_body 002674
intlevel0                        text         000000
intlevel1                        text         000000
intlevel2                        text         000000
intlevel3                        text         000000
main@AutotestResult              cstackBANK0  000093
main@TempCANRxMsg                cstackBANK0  0000A2
main@TempCANTxMsg                cstackBANK0  000094
stackhi                          (abs)        0009FF
stacklo                          (abs)        000290
start                            init         000144
start_initialization             cinit        002B0E


FUNCTION INFORMATION:

 *************** function _main *****************
 Defined at:
		line 57 in file "main.c"
 Parameters:    Size  Location     Type
		None
 Auto vars:     Size  Location     Type
  TempCANRxMsg   14   66[BANK0 ] struct CANRxMsg
  TempCANTxMsg   14   52[BANK0 ] struct CANTxMsg
  TempVarInt      2    0        unsigned int 
  AutotestResu    1   51[BANK0 ] unsigned char 
  TempVar         1    0        unsigned char 
 Return value:  Size  Location     Type
		None               void
 Registers used:
		wreg, fsr0l, fsr0h, fsr1l, fsr1h, fsr1l, fsr1h, fsr2l, fsr2h, status,2, status,0, pclat, btemp, btemp+1, btemp+2, btemp+3, btemp+4, btemp+5, btemp+6, btemp+7, btemp+8, btemp+9, btemp+10, btemp+11, tosl, structret, tblptrl, tblptrh, tblptru, prodl, prodh, bsr, cstack
 Tracked objects:
		On entry : 
		On exit  : 
		Unchanged: 
 Data sizes:     COMRAM   BANK0   BANK1   BANK2   BANK3   BANK4   BANK5   BANK6   BANK7   BANK8   BANK9  BANK10  BANK11  BANK12  BANK13  BANK14
      Params:         0       0       0       0       0       0       0       0       0       0       0       0       0       0       0       0
      Locals:         0      29       0       0       0       0       0       0       0       0       0       0       0       0       0       0
      Temps:          0       6       0       0       0       0       0       0       0       0       0       0       0       0       0       0
      Totals:         0      35       0       0       0       0       0       0       0       0       0       0       0       0       0       0
Total ram usage:       35 bytes
 Hardware stack levels required when called:    6
 This function calls:
		_CANRxFifoInit
		_CANTxFifoInit
		_ConfigureCCP
		_ConfigureGPIO
		_ConfigureInterrupts
		_ConfigureOscillator
		_ConfigureTimers
		_ECANFiltersInit
		_ECANInitialize
		_ECANSendMessage
		_GetCANRxFifo
		_GetCANTxFifo
		_GetCanAdress
		_KeybConfiguration
		_KeybRead
		_LCDBacklight
		_LCDClearDisplay
		_LCDContrast
		_LCDGetStatus
		_LCDInit
		_LCDInitMsg
		_LCDSendCharacter
		_LCDSendCommand
		_LedDisplay
		_PutCANTxFifo
		_SoundContinuous
		_SoundIntermittent
		_SoundStop
		_SystemTest
 This function is called by:
		Startup code after reset
 This function uses a non-reentrant model


 *************** function _SystemTest *****************
 Defined at:
		line 172 in file "system.c"
 Parameters:    Size  Location     Type
		None
 Auto vars:     Size  Location     Type
		None
 Return value:  Size  Location     Type
                  1    wreg      unsigned char 
 Registers used:
		wreg
 Tracked objects:
		On entry : 
		On exit  : 
		Unchanged: 
 Data sizes:     COMRAM   BANK0   BANK1   BANK2   BANK3   BANK4   BANK5   BANK6   BANK7   BANK8   BANK9  BANK10  BANK11  BANK12  BANK13  BANK14
      Params:         0       0       0       0       0       0       0       0       0       0       0       0       0       0       0       0
      Locals:         0       0       0       0       0       0       0       0       0       0       0       0       0       0       0       0
      Temps:          0       0       0       0       0       0       0       0       0       0       0       0       0       0       0       0
      Totals:         0       0       0       0       0       0       0       0       0       0       0       0       0       0       0       0
Total ram usage:        0 bytes
 Hardware stack levels used:    1
 Hardware stack levels required when called:    4
 This function calls:
		Nothing
 This function is called by:
		_main
 This function uses a non-reentrant model


 *************** function _SoundStop *****************
 Defined at:
		line 84 in file "sound.c"
 Parameters:    Size  Location     Type
		None
 Auto vars:     Size  Location     Type
		None
 Return value:  Size  Location     Type
		None               void
 Registers used:
		status,2
 Tracked objects:
		On entry : 
		On exit  : 
		Unchanged: 
 Data sizes:     COMRAM   BANK0   BANK1   BANK2   BANK3   BANK4   BANK5   BANK6   BANK7   BANK8   BANK9  BANK10  BANK11  BANK12  BANK13  BANK14
      Params:         0       0       0       0       0       0       0       0       0       0       0       0       0       0       0       0
      Locals:         0       0       0       0       0       0       0       0       0       0       0       0       0       0       0       0
      Temps:          0       1       0       0       0       0       0       0       0       0       0       0       0       0       0       0
      Totals:         0       1       0       0       0       0       0       0       0       0       0       0       0       0       0       0
Total ram usage:        1 bytes
 Hardware stack levels used:    1
 Hardware stack levels required when called:    4
 This function calls:
		Nothing
 This function is called by:
		_main
 This function uses a non-reentrant model


 *************** function _SoundIntermittent *****************
 Defined at:
		line 55 in file "sound.c"
 Parameters:    Size  Location     Type
  freq            1    wreg     unsigned char 
  soundduratio    1    9[BANK0 ] unsigned char 
  SilentDurati    1   10[BANK0 ] unsigned char 
  cycles          1   11[BANK0 ] unsigned char 
  volume          1   12[BANK0 ] unsigned char 
 Auto vars:     Size  Location     Type
  freq            1   14[BANK0 ] unsigned char 
  temp_volume     2   15[BANK0 ] int 
 Return value:  Size  Location     Type
		None               void
 Registers used:
		wreg, status,2, status,0, prodl, prodh, cstack
 Tracked objects:
		On entry : 
		On exit  : 
		Unchanged: 
 Data sizes:     COMRAM   BANK0   BANK1   BANK2   BANK3   BANK4   BANK5   BANK6   BANK7   BANK8   BANK9  BANK10  BANK11  BANK12  BANK13  BANK14
      Params:         0       4       0       0       0       0       0       0       0       0       0       0       0       0       0       0
      Locals:         0       3       0       0       0       0       0       0       0       0       0       0       0       0       0       0
      Temps:          0       1       0       0       0       0       0       0       0       0       0       0       0       0       0       0
      Totals:         0       8       0       0       0       0       0       0       0       0       0       0       0       0       0       0
Total ram usage:        8 bytes
 Hardware stack levels used:    1
 Hardware stack levels required when called:    5
 This function calls:
		___awdiv
 This function is called by:
		_main
 This function uses a non-reentrant model


 *************** function _SoundContinuous *****************
 Defined at:
		line 26 in file "sound.c"
 Parameters:    Size  Location     Type
  freq            1    wreg     unsigned char 
  duration        1    9[BANK0 ] unsigned char 
  volume          1   10[BANK0 ] unsigned char 
 Auto vars:     Size  Location     Type
  freq            1   12[BANK0 ] unsigned char 
  temp_volume     2   13[BANK0 ] int 
 Return value:  Size  Location     Type
		None               void
 Registers used:
		wreg, status,2, status,0, prodl, prodh, cstack
 Tracked objects:
		On entry : 
		On exit  : 
		Unchanged: 
 Data sizes:     COMRAM   BANK0   BANK1   BANK2   BANK3   BANK4   BANK5   BANK6   BANK7   BANK8   BANK9  BANK10  BANK11  BANK12  BANK13  BANK14
      Params:         0       2       0       0       0       0       0       0       0       0       0       0       0       0       0       0
      Locals:         0       3       0       0       0       0       0       0       0       0       0       0       0       0       0       0
      Temps:          0       1       0       0       0       0       0       0       0       0       0       0       0       0       0       0
      Totals:         0       6       0       0       0       0       0       0       0       0       0       0       0       0       0       0
Total ram usage:        6 bytes
 Hardware stack levels used:    1
 Hardware stack levels required when called:    5
 This function calls:
		___awdiv
 This function is called by:
		_main
 This function uses a non-reentrant model


 *************** function ___awdiv *****************
 Defined at:
		line 8 in file "C:\Program Files (x86)\Microchip\xc8\v1.30\sources\common\awdiv.c"
 Parameters:    Size  Location     Type
  dividend        2    0[BANK0 ] int 
  divisor         2    2[BANK0 ] int 
 Auto vars:     Size  Location     Type
  quotient        2    7[BANK0 ] int 
  sign            1    6[BANK0 ] unsigned char 
  counter         1    5[BANK0 ] unsigned char 
 Return value:  Size  Location     Type
                  2    0[BANK0 ] int 
 Registers used:
		wreg, status,2, status,0, prodl
 Tracked objects:
		On entry : 
		On exit  : 
		Unchanged: 
 Data sizes:     COMRAM   BANK0   BANK1   BANK2   BANK3   BANK4   BANK5   BANK6   BANK7   BANK8   BANK9  BANK10  BANK11  BANK12  BANK13  BANK14
      Params:         0       4       0       0       0       0       0       0       0       0       0       0       0       0       0       0
      Locals:         0       4       0       0       0       0       0       0       0       0       0       0       0       0       0       0
      Temps:          0       1       0       0       0       0       0       0       0       0       0       0       0       0       0       0
      Totals:         0       9       0       0       0       0       0       0       0       0       0       0       0       0       0       0
Total ram usage:        9 bytes
 Hardware stack levels used:    1
 Hardware stack levels required when called:    4
 This function calls:
		Nothing
 This function is called by:
		_SoundContinuous
		_SoundIntermittent
 This function uses a non-reentrant model


 *************** function _PutCANTxFifo *****************
 Defined at:
		line 44 in file "Can_HL.c"
 Parameters:    Size  Location     Type
  PutMessage     14    0[BANK0 ] struct CANTxMsg
 Auto vars:     Size  Location     Type
		None
 Return value:  Size  Location     Type
		None               void
 Registers used:
		wreg, fsr1l, fsr1h, fsr2l, fsr2h, status,2, status,0, prodl, prodh
 Tracked objects:
		On entry : 
		On exit  : 
		Unchanged: 
 Data sizes:     COMRAM   BANK0   BANK1   BANK2   BANK3   BANK4   BANK5   BANK6   BANK7   BANK8   BANK9  BANK10  BANK11  BANK12  BANK13  BANK14
      Params:         0      14       0       0       0       0       0       0       0       0       0       0       0       0       0       0
      Locals:         0       0       0       0       0       0       0       0       0       0       0       0       0       0       0       0
      Temps:          0       2       0       0       0       0       0       0       0       0       0       0       0       0       0       0
      Totals:         0      16       0       0       0       0       0       0       0       0       0       0       0       0       0       0
Total ram usage:       16 bytes
 Hardware stack levels used:    1
 Hardware stack levels required when called:    4
 This function calls:
		Nothing
 This function is called by:
		_main
 This function uses a non-reentrant model


 *************** function _LedDisplay *****************
 Defined at:
		line 27 in file "keybled.c"
 Parameters:    Size  Location     Type
		None
 Auto vars:     Size  Location     Type
		None
 Return value:  Size  Location     Type
		None               void
 Registers used:
		wreg, status,2, status,0
 Tracked objects:
		On entry : 
		On exit  : 
		Unchanged: 
 Data sizes:     COMRAM   BANK0   BANK1   BANK2   BANK3   BANK4   BANK5   BANK6   BANK7   BANK8   BANK9  BANK10  BANK11  BANK12  BANK13  BANK14
      Params:         0       0       0       0       0       0       0       0       0       0       0       0       0       0       0       0
      Locals:         0       0       0       0       0       0       0       0       0       0       0       0       0       0       0       0
      Temps:          0       1       0       0       0       0       0       0       0       0       0       0       0       0       0       0
      Totals:         0       1       0       0       0       0       0       0       0       0       0       0       0       0       0       0
Total ram usage:        1 bytes
 Hardware stack levels used:    1
 Hardware stack levels required when called:    4
 This function calls:
		Nothing
 This function is called by:
		_main
 This function uses a non-reentrant model


 *************** function _LCDSendCommand *****************
 Defined at:
		line 228 in file "LCD.c"
 Parameters:    Size  Location     Type
  command         1    wreg     unsigned char 
 Auto vars:     Size  Location     Type
  command         1    1[BANK0 ] unsigned char 
  i               1    4[BANK0 ] unsigned char 
  i               1    3[BANK0 ] unsigned char 
  i               1    2[BANK0 ] unsigned char 
 Return value:  Size  Location     Type
		None               void
 Registers used:
		wreg, status,2, status,0
 Tracked objects:
		On entry : 
		On exit  : 
		Unchanged: 
 Data sizes:     COMRAM   BANK0   BANK1   BANK2   BANK3   BANK4   BANK5   BANK6   BANK7   BANK8   BANK9  BANK10  BANK11  BANK12  BANK13  BANK14
      Params:         0       0       0       0       0       0       0       0       0       0       0       0       0       0       0       0
      Locals:         0       4       0       0       0       0       0       0       0       0       0       0       0       0       0       0
      Temps:          0       1       0       0       0       0       0       0       0       0       0       0       0       0       0       0
      Totals:         0       5       0       0       0       0       0       0       0       0       0       0       0       0       0       0
Total ram usage:        5 bytes
 Hardware stack levels used:    1
 Hardware stack levels required when called:    4
 This function calls:
		Nothing
 This function is called by:
		_main
 This function uses a non-reentrant model


 *************** function _LCDInitMsg *****************
 Defined at:
		line 290 in file "LCD.c"
 Parameters:    Size  Location     Type
		None
 Auto vars:     Size  Location     Type
		None
 Return value:  Size  Location     Type
		None               void
 Registers used:
		wreg, status,2, status,0, cstack
 Tracked objects:
		On entry : 
		On exit  : 
		Unchanged: 
 Data sizes:     COMRAM   BANK0   BANK1   BANK2   BANK3   BANK4   BANK5   BANK6   BANK7   BANK8   BANK9  BANK10  BANK11  BANK12  BANK13  BANK14
      Params:         0       0       0       0       0       0       0       0       0       0       0       0       0       0       0       0
      Locals:         0       0       0       0       0       0       0       0       0       0       0       0       0       0       0       0
      Temps:          0       1       0       0       0       0       0       0       0       0       0       0       0       0       0       0
      Totals:         0       1       0       0       0       0       0       0       0       0       0       0       0       0       0       0
Total ram usage:        1 bytes
 Hardware stack levels used:    1
 Hardware stack levels required when called:    5
 This function calls:
		_LCDSendCharacter
 This function is called by:
		_main
 This function uses a non-reentrant model


 *************** function _LCDSendCharacter *****************
 Defined at:
		line 180 in file "LCD.c"
 Parameters:    Size  Location     Type
  adress          1    wreg     unsigned char 
  data            1    0[BANK0 ] unsigned char 
 Auto vars:     Size  Location     Type
  adress          1    8[BANK0 ] unsigned char 
  i               1    7[BANK0 ] unsigned char 
  i               1    6[BANK0 ] unsigned char 
  i               1    5[BANK0 ] unsigned char 
  i               1    4[BANK0 ] unsigned char 
  i               1    3[BANK0 ] unsigned char 
  i               1    2[BANK0 ] unsigned char 
 Return value:  Size  Location     Type
		None               void
 Registers used:
		wreg, status,2, status,0
 Tracked objects:
		On entry : 
		On exit  : 
		Unchanged: 
 Data sizes:     COMRAM   BANK0   BANK1   BANK2   BANK3   BANK4   BANK5   BANK6   BANK7   BANK8   BANK9  BANK10  BANK11  BANK12  BANK13  BANK14
      Params:         0       1       0       0       0       0       0       0       0       0       0       0       0       0       0       0
      Locals:         0       7       0       0       0       0       0       0       0       0       0       0       0       0       0       0
      Temps:          0       1       0       0       0       0       0       0       0       0       0       0       0       0       0       0
      Totals:         0       9       0       0       0       0       0       0       0       0       0       0       0       0       0       0
Total ram usage:        9 bytes
 Hardware stack levels used:    1
 Hardware stack levels required when called:    4
 This function calls:
		Nothing
 This function is called by:
		_main
		_LCDInitMsg
 This function uses a non-reentrant model


 *************** function _LCDInit *****************
 Defined at:
		line 27 in file "LCD.c"
 Parameters:    Size  Location     Type
		None
 Auto vars:     Size  Location     Type
  i               1   14[BANK0 ] unsigned char 
  i               1   13[BANK0 ] unsigned char 
  i               1   12[BANK0 ] unsigned char 
  i               1   11[BANK0 ] unsigned char 
  i               1   10[BANK0 ] unsigned char 
  i               1    9[BANK0 ] unsigned char 
  i               1    8[BANK0 ] unsigned char 
  i               1    7[BANK0 ] unsigned char 
  i               1    6[BANK0 ] unsigned char 
  i               1    5[BANK0 ] unsigned char 
  i               1    4[BANK0 ] unsigned char 
  i               1    3[BANK0 ] unsigned char 
  i               1    2[BANK0 ] unsigned char 
  i               1    1[BANK0 ] unsigned char 
 Return value:  Size  Location     Type
		None               void
 Registers used:
		wreg, status,2, status,0
 Tracked objects:
		On entry : 
		On exit  : 
		Unchanged: 
 Data sizes:     COMRAM   BANK0   BANK1   BANK2   BANK3   BANK4   BANK5   BANK6   BANK7   BANK8   BANK9  BANK10  BANK11  BANK12  BANK13  BANK14
      Params:         0       0       0       0       0       0       0       0       0       0       0       0       0       0       0       0
      Locals:         0      14       0       0       0       0       0       0       0       0       0       0       0       0       0       0
      Temps:          0       1       0       0       0       0       0       0       0       0       0       0       0       0       0       0
      Totals:         0      15       0       0       0       0       0       0       0       0       0       0       0       0       0       0
Total ram usage:       15 bytes
 Hardware stack levels used:    1
 Hardware stack levels required when called:    4
 This function calls:
		Nothing
 This function is called by:
		_main
 This function uses a non-reentrant model


 *************** function _LCDGetStatus *****************
 Defined at:
		line 253 in file "LCD.c"
 Parameters:    Size  Location     Type
		None
 Auto vars:     Size  Location     Type
  i               1    4[BANK0 ] unsigned char 
  i               1    3[BANK0 ] unsigned char 
  i               1    2[BANK0 ] unsigned char 
  result          1    1[BANK0 ] unsigned char 
 Return value:  Size  Location     Type
                  1    wreg      unsigned char 
 Registers used:
		wreg, status,2, status,0
 Tracked objects:
		On entry : 
		On exit  : 
		Unchanged: 
 Data sizes:     COMRAM   BANK0   BANK1   BANK2   BANK3   BANK4   BANK5   BANK6   BANK7   BANK8   BANK9  BANK10  BANK11  BANK12  BANK13  BANK14
      Params:         0       0       0       0       0       0       0       0       0       0       0       0       0       0       0       0
      Locals:         0       4       0       0       0       0       0       0       0       0       0       0       0       0       0       0
      Temps:          0       1       0       0       0       0       0       0       0       0       0       0       0       0       0       0
      Totals:         0       5       0       0       0       0       0       0       0       0       0       0       0       0       0       0
Total ram usage:        5 bytes
 Hardware stack levels used:    1
 Hardware stack levels required when called:    4
 This function calls:
		Nothing
 This function is called by:
		_main
 This function uses a non-reentrant model


 *************** function _LCDContrast *****************
 Defined at:
		line 350 in file "LCD.c"
 Parameters:    Size  Location     Type
  value           1    wreg     unsigned char 
 Auto vars:     Size  Location     Type
  value           1    0[BANK0 ] unsigned char 
 Return value:  Size  Location     Type
		None               void
 Registers used:
		wreg, status,2, status,0
 Tracked objects:
		On entry : 
		On exit  : 
		Unchanged: 
 Data sizes:     COMRAM   BANK0   BANK1   BANK2   BANK3   BANK4   BANK5   BANK6   BANK7   BANK8   BANK9  BANK10  BANK11  BANK12  BANK13  BANK14
      Params:         0       0       0       0       0       0       0       0       0       0       0       0       0       0       0       0
      Locals:         0       1       0       0       0       0       0       0       0       0       0       0       0       0       0       0
      Temps:          0       0       0       0       0       0       0       0       0       0       0       0       0       0       0       0
      Totals:         0       1       0       0       0       0       0       0       0       0       0       0       0       0       0       0
Total ram usage:        1 bytes
 Hardware stack levels used:    1
 Hardware stack levels required when called:    4
 This function calls:
		Nothing
 This function is called by:
		_main
 This function uses a non-reentrant model


 *************** function _LCDClearDisplay *****************
 Defined at:
		line 155 in file "LCD.c"
 Parameters:    Size  Location     Type
		None
 Auto vars:     Size  Location     Type
  i               1    3[BANK0 ] unsigned char 
  i               1    2[BANK0 ] unsigned char 
  i               1    1[BANK0 ] unsigned char 
 Return value:  Size  Location     Type
		None               void
 Registers used:
		wreg, status,2, status,0
 Tracked objects:
		On entry : 
		On exit  : 
		Unchanged: 
 Data sizes:     COMRAM   BANK0   BANK1   BANK2   BANK3   BANK4   BANK5   BANK6   BANK7   BANK8   BANK9  BANK10  BANK11  BANK12  BANK13  BANK14
      Params:         0       0       0       0       0       0       0       0       0       0       0       0       0       0       0       0
      Locals:         0       3       0       0       0       0       0       0       0       0       0       0       0       0       0       0
      Temps:          0       1       0       0       0       0       0       0       0       0       0       0       0       0       0       0
      Totals:         0       4       0       0       0       0       0       0       0       0       0       0       0       0       0       0
Total ram usage:        4 bytes
 Hardware stack levels used:    1
 Hardware stack levels required when called:    4
 This function calls:
		Nothing
 This function is called by:
		_main
 This function uses a non-reentrant model


 *************** function _LCDBacklight *****************
 Defined at:
		line 343 in file "LCD.c"
 Parameters:    Size  Location     Type
  value           1    wreg     unsigned char 
 Auto vars:     Size  Location     Type
  value           1    0[BANK0 ] unsigned char 
 Return value:  Size  Location     Type
		None               void
 Registers used:
		wreg, status,2, status,0
 Tracked objects:
		On entry : 
		On exit  : 
		Unchanged: 
 Data sizes:     COMRAM   BANK0   BANK1   BANK2   BANK3   BANK4   BANK5   BANK6   BANK7   BANK8   BANK9  BANK10  BANK11  BANK12  BANK13  BANK14
      Params:         0       0       0       0       0       0       0       0       0       0       0       0       0       0       0       0
      Locals:         0       1       0       0       0       0       0       0       0       0       0       0       0       0       0       0
      Temps:          0       0       0       0       0       0       0       0       0       0       0       0       0       0       0       0
      Totals:         0       1       0       0       0       0       0       0       0       0       0       0       0       0       0       0
Total ram usage:        1 bytes
 Hardware stack levels used:    1
 Hardware stack levels required when called:    4
 This function calls:
		Nothing
 This function is called by:
		_main
 This function uses a non-reentrant model


 *************** function _KeybRead *****************
 Defined at:
		line 156 in file "keybled.c"
 Parameters:    Size  Location     Type
		None
 Auto vars:     Size  Location     Type
  i               1    1[BANK0 ] unsigned char 
  reading         1    2[BANK0 ] unsigned char 
 Return value:  Size  Location     Type
                  1    wreg      unsigned char 
 Registers used:
		wreg, status,2, status,0
 Tracked objects:
		On entry : 
		On exit  : 
		Unchanged: 
 Data sizes:     COMRAM   BANK0   BANK1   BANK2   BANK3   BANK4   BANK5   BANK6   BANK7   BANK8   BANK9  BANK10  BANK11  BANK12  BANK13  BANK14
      Params:         0       0       0       0       0       0       0       0       0       0       0       0       0       0       0       0
      Locals:         0       2       0       0       0       0       0       0       0       0       0       0       0       0       0       0
      Temps:          0       1       0       0       0       0       0       0       0       0       0       0       0       0       0       0
      Totals:         0       3       0       0       0       0       0       0       0       0       0       0       0       0       0       0
Total ram usage:        3 bytes
 Hardware stack levels used:    1
 Hardware stack levels required when called:    4
 This function calls:
		Nothing
 This function is called by:
		_main
 This function uses a non-reentrant model


 *************** function _KeybConfiguration *****************
 Defined at:
		line 148 in file "keybled.c"
 Parameters:    Size  Location     Type
  longpresstim    1    wreg     unsigned char 
  firetime        1    0[BANK0 ] unsigned char 
 Auto vars:     Size  Location     Type
  longpresstim    1    1[BANK0 ] unsigned char 
 Return value:  Size  Location     Type
		None               void
 Registers used:
		wreg
 Tracked objects:
		On entry : 
		On exit  : 
		Unchanged: 
 Data sizes:     COMRAM   BANK0   BANK1   BANK2   BANK3   BANK4   BANK5   BANK6   BANK7   BANK8   BANK9  BANK10  BANK11  BANK12  BANK13  BANK14
      Params:         0       1       0       0       0       0       0       0       0       0       0       0       0       0       0       0
      Locals:         0       1       0       0       0       0       0       0       0       0       0       0       0       0       0       0
      Temps:          0       0       0       0       0       0       0       0       0       0       0       0       0       0       0       0
      Totals:         0       2       0       0       0       0       0       0       0       0       0       0       0       0       0       0
Total ram usage:        2 bytes
 Hardware stack levels used:    1
 Hardware stack levels required when called:    4
 This function calls:
		Nothing
 This function is called by:
		_main
 This function uses a non-reentrant model


 *************** function _GetCanAdress *****************
 Defined at:
		line 167 in file "system.c"
 Parameters:    Size  Location     Type
		None
 Auto vars:     Size  Location     Type
		None
 Return value:  Size  Location     Type
                  1    wreg      unsigned char 
 Registers used:
		wreg, status,2, status,0
 Tracked objects:
		On entry : 
		On exit  : 
		Unchanged: 
 Data sizes:     COMRAM   BANK0   BANK1   BANK2   BANK3   BANK4   BANK5   BANK6   BANK7   BANK8   BANK9  BANK10  BANK11  BANK12  BANK13  BANK14
      Params:         0       0       0       0       0       0       0       0       0       0       0       0       0       0       0       0
      Locals:         0       0       0       0       0       0       0       0       0       0       0       0       0       0       0       0
      Temps:          0       0       0       0       0       0       0       0       0       0       0       0       0       0       0       0
      Totals:         0       0       0       0       0       0       0       0       0       0       0       0       0       0       0       0
Total ram usage:        0 bytes
 Hardware stack levels used:    1
 Hardware stack levels required when called:    4
 This function calls:
		Nothing
 This function is called by:
		_main
 This function uses a non-reentrant model


 *************** function _GetCANTxFifo *****************
 Defined at:
		line 66 in file "Can_HL.c"
 Parameters:    Size  Location     Type
		None
 Auto vars:     Size  Location     Type
  LocalCANTXMs   14   16[BANK0 ] struct CANTxMsg
 Return value:  Size  Location     Type
                  14    0[BANK0 ] struct CANTxMsg
 Registers used:
		wreg, fsr0l, fsr0h, fsr1l, fsr1h, fsr2l, fsr2h, status,2, status,0, prodl, prodh
 Tracked objects:
		On entry : 
		On exit  : 
		Unchanged: 
 Data sizes:     COMRAM   BANK0   BANK1   BANK2   BANK3   BANK4   BANK5   BANK6   BANK7   BANK8   BANK9  BANK10  BANK11  BANK12  BANK13  BANK14
      Params:         0      14       0       0       0       0       0       0       0       0       0       0       0       0       0       0
      Locals:         0      14       0       0       0       0       0       0       0       0       0       0       0       0       0       0
      Temps:          0       2       0       0       0       0       0       0       0       0       0       0       0       0       0       0
      Totals:         0      30       0       0       0       0       0       0       0       0       0       0       0       0       0       0
Total ram usage:       30 bytes
 Hardware stack levels used:    1
 Hardware stack levels required when called:    4
 This function calls:
		Nothing
 This function is called by:
		_main
 This function uses a non-reentrant model


 *************** function _GetCANRxFifo *****************
 Defined at:
		line 114 in file "Can_HL.c"
 Parameters:    Size  Location     Type
		None
 Auto vars:     Size  Location     Type
  LocalCANRXMs   14   16[BANK0 ] struct CANRxMsg
 Return value:  Size  Location     Type
                  14    0[BANK0 ] struct CANRxMsg
 Registers used:
		wreg, fsr0l, fsr0h, fsr1l, fsr1h, fsr2l, fsr2h, status,2, status,0, prodl, prodh
 Tracked objects:
		On entry : 
		On exit  : 
		Unchanged: 
 Data sizes:     COMRAM   BANK0   BANK1   BANK2   BANK3   BANK4   BANK5   BANK6   BANK7   BANK8   BANK9  BANK10  BANK11  BANK12  BANK13  BANK14
      Params:         0      14       0       0       0       0       0       0       0       0       0       0       0       0       0       0
      Locals:         0      14       0       0       0       0       0       0       0       0       0       0       0       0       0       0
[...]
Total ram usage:        4 bytes
 Hardware stack levels used:    1
 Hardware stack levels required when called:    4
 This function calls:
		Nothing
 This function is called by:
		_main
 This function uses a non-reentrant model


 *************** function _ConfigureTimers *****************
 Defined at:
		line 108 in file "system.c"
 Parameters:    Size  Location     Type
		None
 Auto vars:     Size  Location     Type
		None
 Return value:  Size  Location     Type
		None               void
 Registers used:
		wreg, status,2
 Tracked objects:
		On entry : 
		On exit  : 
		Unchanged: 
 Data sizes:     COMRAM   BANK0   BANK1   BANK2   BANK3   BANK4   BANK5   BANK6   BANK7   BANK8   BANK9  BANK10  BANK11  BANK12  BANK13  BANK14
      Params:         0       0       0       0       0       0       0       0       0       0       0       0       0       0       0       0
      Locals:         0       0       0       0       0       0       0       0       0       0       0       0       0       0       0       0
      Temps:          0       0       0       0       0       0       0       0       0       0       0       0       0       0       0       0
      Totals:         0       0       0       0       0       0       0       0       0       0       0       0       0       0       0       0
Total ram usage:        0 bytes
 Hardware stack levels used:    1
 Hardware stack levels required when called:    4
 This function calls:
		Nothing
 This function is called by:
		_main
 This function uses a non-reentrant model


 *************** function _ConfigureOscillator *****************
 Defined at:
		line 32 in file "system.c"
 Parameters:    Size  Location     Type
		None
 Auto vars:     Size  Location     Type
		None
 Return value:  Size  Location     Type
		None               void
 Registers used:
		wreg, status,2
 Tracked objects:
		On entry : 
		On exit  : 
		Unchanged: 
 Data sizes:     COMRAM   BANK0   BANK1   BANK2   BANK3   BANK4   BANK5   BANK6   BANK7   BANK8   BANK9  BANK10  BANK11  BANK12  BANK13  BANK14
      Params:         0       0       0       0       0       0       0       0       0       0       0       0       0       0       0       0
      Locals:         0       0       0       0       0       0       0       0       0       0       0       0       0       0       0       0
      Temps:          0       0       0       0       0       0       0       0       0       0       0       0       0       0       0       0
      Totals:         0       0       0       0       0       0       0       0       0       0       0       0       0       0       0       0
Total ram usage:        0 bytes
 Hardware stack levels used:    1
 Hardware stack levels required when called:    4
 This function calls:
		Nothing
 This function is called by:
		_main
 This function uses a non-reentrant model


 *************** function _ConfigureInterrupts *****************
 Defined at:
		line 76 in file "system.c"
 Parameters:    Size  Location     Type
		None
 Auto vars:     Size  Location     Type
		None
 Return value:  Size  Location     Type
		None               void
 Registers used:
		wreg, status,2
 Tracked objects:
		On entry : 
		On exit  : 
		Unchanged: 
 Data sizes:     COMRAM   BANK0   BANK1   BANK2   BANK3   BANK4   BANK5   BANK6   BANK7   BANK8   BANK9  BANK10  BANK11  BANK12  BANK13  BANK14
      Params:         0       0       0       0       0       0       0       0       0       0       0       0       0       0       0       0
      Locals:         0       0       0       0       0       0       0       0       0       0       0       0       0       0       0       0
      Temps:          0       0       0       0       0       0       0       0       0       0       0       0       0       0       0       0
      Totals:         0       0       0       0       0       0       0       0       0       0       0       0       0       0       0       0
Total ram usage:        0 bytes
 Hardware stack levels used:    1
 Hardware stack levels required when called:    4
 This function calls:
		Nothing
 This function is called by:
		_main
 This function uses a non-reentrant model


 *************** function _ConfigureGPIO *****************
 Defined at:
		line 43 in file "system.c"
 Parameters:    Size  Location     Type
		None
 Auto vars:     Size  Location     Type
		None
 Return value:  Size  Location     Type
		None               void
 Registers used:
		wreg, status,2
 Tracked objects:
		On entry : 
		On exit  : 
		Unchanged: 
 Data sizes:     COMRAM   BANK0   BANK1   BANK2   BANK3   BANK4   BANK5   BANK6   BANK7   BANK8   BANK9  BANK10  BANK11  BANK12  BANK13  BANK14
      Params:         0       0       0       0       0       0       0       0       0       0       0       0       0       0       0       0
      Locals:         0       0       0       0       0       0       0       0       0       0       0       0       0       0       0       0
      Temps:          0       0       0       0       0       0       0       0       0       0       0       0       0       0       0       0
      Totals:         0       0       0       0       0       0       0       0       0       0       0       0       0       0       0       0
Total ram usage:        0 bytes
 Hardware stack levels used:    1
 Hardware stack levels required when called:    4
 This function calls:
		Nothing
 This function is called by:
		_main
 This function uses a non-reentrant model


 *************** function _ConfigureCCP *****************
 Defined at:
		line 137 in file "system.c"
 Parameters:    Size  Location     Type
		None
 Auto vars:     Size  Location     Type
		None
 Return value:  Size  Location     Type
		None               void
 Registers used:
		wreg, status,2
 Tracked objects:
		On entry : 
		On exit  : 
		Unchanged: 
 Data sizes:     COMRAM   BANK0   BANK1   BANK2   BANK3   BANK4   BANK5   BANK6   BANK7   BANK8   BANK9  BANK10  BANK11  BANK12  BANK13  BANK14
      Params:         0       0       0       0       0       0       0       0       0       0       0       0       0       0       0       0
      Locals:         0       0       0       0       0       0       0       0       0       0       0       0       0       0       0       0
      Temps:          0       0       0       0       0       0       0       0       0       0       0       0       0       0       0       0
      Totals:         0       0       0       0       0       0       0       0       0       0       0       0       0       0       0       0
Total ram usage:        0 bytes
 Hardware stack levels used:    1
 Hardware stack levels required when called:    4
 This function calls:
		Nothing
 This function is called by:
		_main
 This function uses a non-reentrant model


 *************** function _CANTxFifoInit *****************
 Defined at:
		line 28 in file "Can_HL.c"
 Parameters:    Size  Location     Type
		None
 Auto vars:     Size  Location     Type
		None
 Return value:  Size  Location     Type
		None               void
 Registers used:
		status,2
 Tracked objects:
		On entry : 
		On exit  : 
		Unchanged: 
 Data sizes:     COMRAM   BANK0   BANK1   BANK2   BANK3   BANK4   BANK5   BANK6   BANK7   BANK8   BANK9  BANK10  BANK11  BANK12  BANK13  BANK14
      Params:         0       0       0       0       0       0       0       0       0       0       0       0       0       0       0       0
      Locals:         0       0       0       0       0       0       0       0       0       0       0       0       0       0       0       0
      Temps:          0       1       0       0       0       0       0       0       0       0       0       0       0       0       0       0
      Totals:         0       1       0       0       0       0       0       0       0       0       0       0       0       0       0       0
Total ram usage:        1 bytes
 Hardware stack levels used:    1
 Hardware stack levels required when called:    4
 This function calls:
		Nothing
 This function is called by:
		_main
 This function uses a non-reentrant model


 *************** function _CANRxFifoInit *****************
 Defined at:
		line 36 in file "Can_HL.c"
 Parameters:    Size  Location     Type
		None
 Auto vars:     Size  Location     Type
		None
 Return value:  Size  Location     Type
		None               void
 Registers used:
		status,2
 Tracked objects:
		On entry : 
		On exit  : 
		Unchanged: 
 Data sizes:     COMRAM   BANK0   BANK1   BANK2   BANK3   BANK4   BANK5   BANK6   BANK7   BANK8   BANK9  BANK10  BANK11  BANK12  BANK13  BANK14
      Params:         0       0       0       0       0       0       0       0       0       0       0       0       0       0       0       0
      Locals:         0       0       0       0       0       0       0       0       0       0       0       0       0       0       0       0
      Temps:          0       1       0       0       0       0       0       0       0       0       0       0       0       0       0       0
      Totals:         0       1       0       0       0       0       0       0       0       0       0       0       0       0       0       0
Total ram usage:        1 bytes
 Hardware stack levels used:    1
 Hardware stack levels required when called:    4
 This function calls:
		Nothing
 This function is called by:
		_main
 This function uses a non-reentrant model


 *************** function _low_isr *****************
 Defined at:
		line 73 in file "interrupts.c"
 Parameters:    Size  Location     Type
		None
 Auto vars:     Size  Location     Type
		None
 Return value:  Size  Location     Type
		None               void
 Registers used:
		wreg, status,2, status,0
 Tracked objects:
		On entry : 
		On exit  : 
		Unchanged: 
 Data sizes:     COMRAM   BANK0   BANK1   BANK2   BANK3   BANK4   BANK5   BANK6   BANK7   BANK8   BANK9  BANK10  BANK11  BANK12  BANK13  BANK14
      Params:         0       0       0       0       0       0       0       0       0       0       0       0       0       0       0       0
      Locals:         0       0       0       0       0       0       0       0       0       0       0       0       0       0       0       0
      Temps:         18       0       0       0       0       0       0       0       0       0       0       0       0       0       0       0
      Totals:        18       0       0       0       0       0       0       0       0       0       0       0       0       0       0       0
Total ram usage:       18 bytes
 Hardware stack levels used:    1
 Hardware stack levels required when called:    3
 This function calls:
		Nothing
 This function is called by:
		Interrupt level 1
 This function uses a non-reentrant model


 *************** function _high_isr *****************
 Defined at:
		line 38 in file "interrupts.c"
 Parameters:    Size  Location     Type
		None
 Auto vars:     Size  Location     Type
  CANRxNewMess   14   56[COMRAM] struct CANRxMsg
 Return value:  Size  Location     Type
		None               void
 Registers used:
		wreg, fsr0l, fsr0h, fsr1l, fsr1h, fsr1l, fsr1h, fsr2l, fsr2h, status,2, status,0, pclat, btemp, btemp+1, btemp+2, btemp+3, btemp+4, btemp+5, btemp+6, btemp+7, btemp+8, btemp+9, btemp+10, btemp+11, tosl, structret, tblptrl, tblptrh, tblptru, prodl, prodh, bsr, cstack
 Tracked objects:
		On entry : 
		On exit  : 
		Unchanged: 
 Data sizes:     COMRAM   BANK0   BANK1   BANK2   BANK3   BANK4   BANK5   BANK6   BANK7   BANK8   BANK9  BANK10  BANK11  BANK12  BANK13  BANK14
      Params:         0       0       0       0       0       0       0       0       0       0       0       0       0       0       0       0
      Locals:        14       0       0       0       0       0       0       0       0       0       0       0       0       0       0       0
      Temps:         14       0       0       0       0       0       0       0       0       0       0       0       0       0       0       0
      Totals:        28       0       0       0       0       0       0       0       0       0       0       0       0       0       0       0
Total ram usage:       28 bytes
 Hardware stack levels used:    1
 Hardware stack levels required when called:    2
 This function calls:
		_ECANReceiveMessage
		_PutCANRxFifo
 This function is called by:
		Interrupt level 2
 This function uses a non-reentrant model


 *************** function _PutCANRxFifo *****************
 Defined at:
		line 96 in file "Can_HL.c"
 Parameters:    Size  Location     Type
  PutMessage     14   18[COMRAM] struct CANRxMsg
 Auto vars:     Size  Location     Type
		None
 Return value:  Size  Location     Type
		None               void
 Registers used:
		wreg, fsr1l, fsr1h, fsr2l, fsr2h, status,2, status,0, prodl, prodh
 Tracked objects:
		On entry : 
		On exit  : 
		Unchanged: 
 Data sizes:     COMRAM   BANK0   BANK1   BANK2   BANK3   BANK4   BANK5   BANK6   BANK7   BANK8   BANK9  BANK10  BANK11  BANK12  BANK13  BANK14
      Params:        14       0       0       0       0       0       0       0       0       0       0       0       0       0       0       0
      Locals:         0       0       0       0       0       0       0       0       0       0       0       0       0       0       0       0
      Temps:          2       0       0       0       0       0       0       0       0       0       0       0       0       0       0       0
      Totals:        16       0       0       0       0       0       0       0       0       0       0       0       0       0       0       0
Total ram usage:       16 bytes
 Hardware stack levels used:    1
 This function calls:
		Nothing
 This function is called by:
		_high_isr
 This function uses a non-reentrant model


 *************** function _ECANReceiveMessage *****************
 Defined at:
		line 796 in file "ECANPoll.c"
 Parameters:    Size  Location     Type
  id              2   27[COMRAM] PTR unsigned long 
		 -> high_isr@CANRxNewMessage(14), 
  data            2   29[COMRAM] PTR unsigned char 
		 -> high_isr@CANRxNewMessage(14), 
  dataLen         2   31[COMRAM] PTR unsigned char 
		 -> high_isr@CANRxNewMessage(14), 
  msgFlags        2   33[COMRAM] PTR enum E19298
		 -> high_isr@CANRxNewMessage(14), 
 Auto vars:     Size  Location     Type
  ptr             2   39[COMRAM] PTR unsigned char 
		 -> RXB1CON(1), RXB0CON(1), 
  savedPtr        2   36[COMRAM] PTR unsigned char 
		 -> RXB1CON(1), RXB0CON(1), 
  temp            1   41[COMRAM] struct .
  i               1   38[COMRAM] unsigned char 
 Return value:  Size  Location     Type
                  1    wreg      enum E18559
 Registers used:
		wreg, fsr0l, fsr0h, fsr1l, fsr1h, fsr1l, fsr1h, fsr2l, fsr2h, status,2, status,0, pclat, btemp, btemp+1, btemp+2, btemp+3, btemp+4, btemp+5, btemp+6, btemp+7, btemp+8, btemp+9, btemp+10, btemp+11, tosl, structret, tblptrl, tblptrh, tblptru, prodl, prodh, bsr, cstack
 Tracked objects:
		On entry : 
		On exit  : 
		Unchanged: 
 Data sizes:     COMRAM   BANK0   BANK1   BANK2   BANK3   BANK4   BANK5   BANK6   BANK7   BANK8   BANK9  BANK10  BANK11  BANK12  BANK13  BANK14
      Params:         8       0       0       0       0       0       0       0       0       0       0       0       0       0       0       0
      Locals:         6       0       0       0       0       0       0       0       0       0       0       0       0       0       0       0
      Temps:          1       0       0       0       0       0       0       0       0       0       0       0       0       0       0       0
      Totals:        15       0       0       0       0       0       0       0       0       0       0       0       0       0       0       0
Total ram usage:       15 bytes
 Hardware stack levels used:    1
 Hardware stack levels required when called:    1
 This function calls:
		__RegsToCANID
 This function is called by:
		_high_isr
 This function uses a non-reentrant model


 *************** function __RegsToCANID *****************
 Defined at:
		line 1154 in file "ECANPoll.c"
 Parameters:    Size  Location     Type
  ptr             2   18[COMRAM] PTR unsigned char 
		 -> RXB1CON(1), RXB0CON(1), 
  val             2   20[COMRAM] PTR unsigned long 
		 -> high_isr@CANRxNewMessage(14), 
  type            1   22[COMRAM] unsigned char 
 Auto vars:     Size  Location     Type
  Value           2   25[COMRAM] PTR struct _CAN_MESSAGE_
		 -> high_isr@CANRxNewMessage(14), 
 Return value:  Size  Location     Type
		None               void
 Registers used:
		wreg, fsr1l, fsr1h, fsr2l, fsr2h, status,2, status,0
 Tracked objects:
		On entry : 
		On exit  : 
		Unchanged: 
 Data sizes:     COMRAM   BANK0   BANK1   BANK2   BANK3   BANK4   BANK5   BANK6   BANK7   BANK8   BANK9  BANK10  BANK11  BANK12  BANK13  BANK14
      Params:         5       0       0       0       0       0       0       0       0       0       0       0       0       0       0       0
      Locals:         2       0       0       0       0       0       0       0       0       0       0       0       0       0       0       0
      Temps:          2       0       0       0       0       0       0       0       0       0       0       0       0       0       0       0
      Totals:         9       0       0       0       0       0       0       0       0       0       0       0       0       0       0       0
Total ram usage:        9 bytes
 Hardware stack levels used:    1
 This function calls:
		Nothing
 This function is called by:
		_ECANReceiveMessage
 This function uses a non-reentrant model



MODULE INFORMATION

Module		Function		Class		Link	Load	Size
Can_HL.c
		_PutCANTxFifo  		CODE           	27D0	0000	148
		_GetCANRxFifo  		CODE           	2122	0000	220
		_GetCANTxFifo  		CODE           	2046	0000	220
		_PutCANRxFifo  		CODE           	28EE	0000	126
		_CANRxFifoInit 		CODE           	2A4C	0000	66
		_ECANFiltersIni		CODE           	25BE	0000	182
		_CANTxFifoInit 		CODE           	2A0A	0000	66

Can_HL.c estimated size: 1028

shared
		_LUTTable      		MEDIUMCONST    	63DD	0000	7202
		__initializatio		CODE           	2B0E	0000	38

shared estimated size: 7240

sound.c
		_SoundContinuou		CODE           	238E	0000	192
		_SoundIntermitt		CODE           	244E	0000	184
		_SoundStop     		CODE           	2B80	0000	30

sound.c estimated size: 406

main.c
		_main          		CODE           	0148	0000	3778

main.c estimated size: 3778

system.c
		_GetCanAdress  		CODE           	2BD0	0000	6
		_SystemTest    		CODE           	2BD6	0000	4
		_ConfigureTimer		CODE           	2A8E	0000	64
		_ConfigureOscil		CODE           	2BC2	0000	14
		_ConfigureInter		CODE           	296C	0000	80
		_ConfigureCCP  		CODE           	29BC	0000	78
		_ConfigureGPIO 		CODE           	2ACE	0000	64

system.c estimated size: 310

keybled.c
		_KeybRead      		CODE           	21FE	0000	202
		_KeybConfigurat		CODE           	2BB4	0000	14
		_LedDisplay    		CODE           	1F5A	0000	236

keybled.c estimated size: 452

interrupts.c
		_high_isr      		CODE           	0008	0000	10018
		_low_isr       		CODE           	0018	0000	300

interrupts.c estimated size: 10318

ECANPoll.c
		_ECANReceiveMes		CODE           	1CBE	0000	358
		__RegsToCANID  		CODE           	19E2	0000	372
		_ECANInitialize		CODE           	22C8	0000	198
		__CANIDToRegs  		CODE           	162A	0000	480
		_ECANSetOperati		CODE           	2B60	0000	32
		_ECANSendMessag		CODE           	180A	0000	472

ECANPoll.c estimated size: 1912

LCD.c
		_LCDBacklight  		CODE           	2B9E	0000	22
		_LCDInit       		CODE           	100A	0000	966
		_LCDInitMsg    		CODE           	13D0	0000	602
		_LCDSendCharact		CODE           	1B56	0000	360
		_LCDClearDispla		CODE           	2864	0000	138
		_LCDSendCommand		CODE           	2506	0000	184
		_LCDContrast   		CODE           	2B3E	0000	34
		_LCDGetStatus  		CODE           	272A	0000	166

LCD.c estimated size: 2472

C:\Program Files (x86)\Microchip\xc8\v1.30\sources\common\awdiv.c
		___awdiv       		CODE           	1E24	0000	310

C:\Program Files (x86)\Microchip\xc8\v1.30\sources\common\awdiv.c estimated size: 310

